Command line invocation:
    /Applications/Xcode.app/Contents/Developer/usr/bin/xcodebuild -scheme FlightCompensation -destination "generic/platform=iOS Simulator" build

2025-12-30 22:08:32.272 xcodebuild[42511:21767875] [MT] IDERunDestination: Supported platforms for the buildables in the current scheme is empty.
ComputePackagePrebuildTargetDependencyGraph

Prepare packages

CreateBuildRequest

SendProjectDescription

CreateBuildOperation

ComputeTargetDependencyGraph
note: Building targets in dependency order
note: Target dependency graph (1 target)
    Target 'FlightCompensation' in project 'FlightCompensation' (no dependencies)

GatherProvisioningInputs

CreateBuildDescription

ExecuteExternalTool /Applications/Xcode.app/Contents/Developer/Toolchains/XcodeDefault.xctoolchain/usr/bin/clang -v -E -dM -isysroot /Applications/Xcode.app/Contents/Developer/Platforms/iPhoneSimulator.platform/Developer/SDKs/iPhoneSimulator26.0.sdk -x c -c /dev/null

ExecuteExternalTool /Applications/Xcode.app/Contents/Developer/Toolchains/XcodeDefault.xctoolchain/usr/bin/swiftc --version

ExecuteExternalTool /Applications/Xcode.app/Contents/Developer/Toolchains/XcodeDefault.xctoolchain/usr/bin/ld -version_details

Build description signature: 460f0a15bff45da0199c8f50f8f27896
Build description path: /Users/fabiano/Library/Developer/Xcode/DerivedData/FlightCompensation-gbpozbdluwmykodzccrbccezvtyo/Build/Intermediates.noindex/XCBuildData/460f0a15bff45da0199c8f50f8f27896.xcbuilddata
ClangStatCache /Applications/Xcode.app/Contents/Developer/Toolchains/XcodeDefault.xctoolchain/usr/bin/clang-stat-cache /Applications/Xcode.app/Contents/Developer/Platforms/iPhoneSimulator.platform/Developer/SDKs/iPhoneSimulator26.0.sdk /Users/fabiano/Library/Developer/Xcode/DerivedData/SDKStatCaches.noindex/iphonesimulator26.0-23A339-26257891a6c027eb51374368541b8346.sdkstatcache
    cd /Users/fabiano/Documents/FLIGHTY\ COMPENSATION/FlightCompensation.xcodeproj
    /Applications/Xcode.app/Contents/Developer/Toolchains/XcodeDefault.xctoolchain/usr/bin/clang-stat-cache /Applications/Xcode.app/Contents/Developer/Platforms/iPhoneSimulator.platform/Developer/SDKs/iPhoneSimulator26.0.sdk -o /Users/fabiano/Library/Developer/Xcode/DerivedData/SDKStatCaches.noindex/iphonesimulator26.0-23A339-26257891a6c027eb51374368541b8346.sdkstatcache

ProcessProductPackaging "" /Users/fabiano/Library/Developer/Xcode/DerivedData/FlightCompensation-gbpozbdluwmykodzccrbccezvtyo/Build/Intermediates.noindex/FlightCompensation.build/Debug-iphonesimulator/FlightCompensation.build/FlightCompensation.app-Simulated.xcent (in target 'FlightCompensation' from project 'FlightCompensation')
    cd /Users/fabiano/Documents/FLIGHTY\ COMPENSATION
    
    Entitlements:
    
    {
    "application-identifier" = "NS3BA8PQYC.com.flightcompensation.app";
}
    
    builtin-productPackagingUtility -entitlements -format xml -o /Users/fabiano/Library/Developer/Xcode/DerivedData/FlightCompensation-gbpozbdluwmykodzccrbccezvtyo/Build/Intermediates.noindex/FlightCompensation.build/Debug-iphonesimulator/FlightCompensation.build/FlightCompensation.app-Simulated.xcent

ProcessProductPackagingDER /Users/fabiano/Library/Developer/Xcode/DerivedData/FlightCompensation-gbpozbdluwmykodzccrbccezvtyo/Build/Intermediates.noindex/FlightCompensation.build/Debug-iphonesimulator/FlightCompensation.build/FlightCompensation.app-Simulated.xcent /Users/fabiano/Library/Developer/Xcode/DerivedData/FlightCompensation-gbpozbdluwmykodzccrbccezvtyo/Build/Intermediates.noindex/FlightCompensation.build/Debug-iphonesimulator/FlightCompensation.build/FlightCompensation.app-Simulated.xcent.der (in target 'FlightCompensation' from project 'FlightCompensation')
    cd /Users/fabiano/Documents/FLIGHTY\ COMPENSATION
    /usr/bin/derq query -f xml -i /Users/fabiano/Library/Developer/Xcode/DerivedData/FlightCompensation-gbpozbdluwmykodzccrbccezvtyo/Build/Intermediates.noindex/FlightCompensation.build/Debug-iphonesimulator/FlightCompensation.build/FlightCompensation.app-Simulated.xcent -o /Users/fabiano/Library/Developer/Xcode/DerivedData/FlightCompensation-gbpozbdluwmykodzccrbccezvtyo/Build/Intermediates.noindex/FlightCompensation.build/Debug-iphonesimulator/FlightCompensation.build/FlightCompensation.app-Simulated.xcent.der --raw

ProcessInfoPlistFile /Users/fabiano/Library/Developer/Xcode/DerivedData/FlightCompensation-gbpozbdluwmykodzccrbccezvtyo/Build/Products/Debug-iphonesimulator/FlightCompensation.app/Info.plist /Users/fabiano/Documents/FLIGHTY\ COMPENSATION/Info.plist (in target 'FlightCompensation' from project 'FlightCompensation')
    cd /Users/fabiano/Documents/FLIGHTY\ COMPENSATION
    builtin-infoPlistUtility /Users/fabiano/Documents/FLIGHTY\ COMPENSATION/Info.plist -producttype com.apple.product-type.application -genpkginfo /Users/fabiano/Library/Developer/Xcode/DerivedData/FlightCompensation-gbpozbdluwmykodzccrbccezvtyo/Build/Products/Debug-iphonesimulator/FlightCompensation.app/PkgInfo -expandbuildsettings -format binary -platform iphonesimulator -o /Users/fabiano/Library/Developer/Xcode/DerivedData/FlightCompensation-gbpozbdluwmykodzccrbccezvtyo/Build/Products/Debug-iphonesimulator/FlightCompensation.app/Info.plist

SwiftDriver FlightCompensation normal x86_64 com.apple.xcode.tools.swift.compiler (in target 'FlightCompensation' from project 'FlightCompensation')
    cd /Users/fabiano/Documents/FLIGHTY\ COMPENSATION
    builtin-SwiftDriver -- /Applications/Xcode.app/Contents/Developer/Toolchains/XcodeDefault.xctoolchain/usr/bin/swiftc -module-name FlightCompensation -Onone -enforce-exclusivity\=checked @/Users/fabiano/Library/Developer/Xcode/DerivedData/FlightCompensation-gbpozbdluwmykodzccrbccezvtyo/Build/Intermediates.noindex/FlightCompensation.build/Debug-iphonesimulator/FlightCompensation.build/Objects-normal/x86_64/FlightCompensation.SwiftFileList -DDEBUG -DDEBUG -enable-bare-slash-regex -enable-experimental-feature DebugDescriptionMacro -sdk /Applications/Xcode.app/Contents/Developer/Platforms/iPhoneSimulator.platform/Developer/SDKs/iPhoneSimulator26.0.sdk -target x86_64-apple-ios17.0-simulator -g -module-cache-path /Users/fabiano/Library/Developer/Xcode/DerivedData/ModuleCache.noindex -Xfrontend -serialize-debugging-options -enable-testing -index-store-path /Users/fabiano/Library/Developer/Xcode/DerivedData/FlightCompensation-gbpozbdluwmykodzccrbccezvtyo/Index.noindex/DataStore -Xcc -D_LIBCPP_HARDENING_MODE\=_LIBCPP_HARDENING_MODE_DEBUG -swift-version 5 -I /Users/fabiano/Library/Developer/Xcode/DerivedData/FlightCompensation-gbpozbdluwmykodzccrbccezvtyo/Build/Products/Debug-iphonesimulator -F /Users/fabiano/Library/Developer/Xcode/DerivedData/FlightCompensation-gbpozbdluwmykodzccrbccezvtyo/Build/Products/Debug-iphonesimulator -c -j10 -enable-batch-mode -incremental -Xcc -ivfsstatcache -Xcc /Users/fabiano/Library/Developer/Xcode/DerivedData/SDKStatCaches.noindex/iphonesimulator26.0-23A339-26257891a6c027eb51374368541b8346.sdkstatcache -output-file-map /Users/fabiano/Library/Developer/Xcode/DerivedData/FlightCompensation-gbpozbdluwmykodzccrbccezvtyo/Build/Intermediates.noindex/FlightCompensation.build/Debug-iphonesimulator/FlightCompensation.build/Objects-normal/x86_64/FlightCompensation-OutputFileMap.json -use-frontend-parseable-output -save-temps -no-color-diagnostics -explicit-module-build -module-cache-path /Users/fabiano/Library/Developer/Xcode/DerivedData/FlightCompensation-gbpozbdluwmykodzccrbccezvtyo/Build/Intermediates.noindex/SwiftExplicitPrecompiledModules -clang-scanner-module-cache-path /Users/fabiano/Library/Developer/Xcode/DerivedData/ModuleCache.noindex -sdk-module-cache-path /Users/fabiano/Library/Developer/Xcode/DerivedData/ModuleCache.noindex -serialize-diagnostics -emit-dependencies -emit-module -emit-module-path /Users/fabiano/Library/Developer/Xcode/DerivedData/FlightCompensation-gbpozbdluwmykodzccrbccezvtyo/Build/Intermediates.noindex/FlightCompensation.build/Debug-iphonesimulator/FlightCompensation.build/Objects-normal/x86_64/FlightCompensation.swiftmodule -validate-clang-modules-once -clang-build-session-file /Users/fabiano/Library/Developer/Xcode/DerivedData/ModuleCache.noindex/Session.modulevalidation -Xcc -I/Users/fabiano/Library/Developer/Xcode/DerivedData/FlightCompensation-gbpozbdluwmykodzccrbccezvtyo/Build/Intermediates.noindex/FlightCompensation.build/Debug-iphonesimulator/FlightCompensation.build/swift-overrides.hmap -emit-const-values -Xfrontend -const-gather-protocols-file -Xfrontend /Users/fabiano/Library/Developer/Xcode/DerivedData/FlightCompensation-gbpozbdluwmykodzccrbccezvtyo/Build/Intermediates.noindex/FlightCompensation.build/Debug-iphonesimulator/FlightCompensation.build/Objects-normal/x86_64/FlightCompensation_const_extract_protocols.json -Xcc -iquote -Xcc /Users/fabiano/Library/Developer/Xcode/DerivedData/FlightCompensation-gbpozbdluwmykodzccrbccezvtyo/Build/Intermediates.noindex/FlightCompensation.build/Debug-iphonesimulator/FlightCompensation.build/FlightCompensation-generated-files.hmap -Xcc -I/Users/fabiano/Library/Developer/Xcode/DerivedData/FlightCompensation-gbpozbdluwmykodzccrbccezvtyo/Build/Intermediates.noindex/FlightCompensation.build/Debug-iphonesimulator/FlightCompensation.build/FlightCompensation-own-target-headers.hmap -Xcc -I/Users/fabiano/Library/Developer/Xcode/DerivedData/FlightCompensation-gbpozbdluwmykodzccrbccezvtyo/Build/Intermediates.noindex/FlightCompensation.build/Debug-iphonesimulator/FlightCompensation.build/FlightCompensation-all-target-headers.hmap -Xcc -iquote -Xcc /Users/fabiano/Library/Developer/Xcode/DerivedData/FlightCompensation-gbpozbdluwmykodzccrbccezvtyo/Build/Intermediates.noindex/FlightCompensation.build/Debug-iphonesimulator/FlightCompensation.build/FlightCompensation-project-headers.hmap -Xcc -I/Users/fabiano/Library/Developer/Xcode/DerivedData/FlightCompensation-gbpozbdluwmykodzccrbccezvtyo/Build/Products/Debug-iphonesimulator/include -Xcc -I/Users/fabiano/Library/Developer/Xcode/DerivedData/FlightCompensation-gbpozbdluwmykodzccrbccezvtyo/Build/Intermediates.noindex/FlightCompensation.build/Debug-iphonesimulator/FlightCompensation.build/DerivedSources-normal/x86_64 -Xcc -I/Users/fabiano/Library/Developer/Xcode/DerivedData/FlightCompensation-gbpozbdluwmykodzccrbccezvtyo/Build/Intermediates.noindex/FlightCompensation.build/Debug-iphonesimulator/FlightCompensation.build/DerivedSources/x86_64 -Xcc -I/Users/fabiano/Library/Developer/Xcode/DerivedData/FlightCompensation-gbpozbdluwmykodzccrbccezvtyo/Build/Intermediates.noindex/FlightCompensation.build/Debug-iphonesimulator/FlightCompensation.build/DerivedSources -Xcc -DDEBUG\=1 -emit-objc-header -emit-objc-header-path /Users/fabiano/Library/Developer/Xcode/DerivedData/FlightCompensation-gbpozbdluwmykodzccrbccezvtyo/Build/Intermediates.noindex/FlightCompensation.build/Debug-iphonesimulator/FlightCompensation.build/Objects-normal/x86_64/FlightCompensation-Swift.h -working-directory /Users/fabiano/Documents/FLIGHTY\ COMPENSATION -experimental-emit-module-separately -disable-cmo

SwiftDriver FlightCompensation normal arm64 com.apple.xcode.tools.swift.compiler (in target 'FlightCompensation' from project 'FlightCompensation')
    cd /Users/fabiano/Documents/FLIGHTY\ COMPENSATION
    builtin-SwiftDriver -- /Applications/Xcode.app/Contents/Developer/Toolchains/XcodeDefault.xctoolchain/usr/bin/swiftc -module-name FlightCompensation -Onone -enforce-exclusivity\=checked @/Users/fabiano/Library/Developer/Xcode/DerivedData/FlightCompensation-gbpozbdluwmykodzccrbccezvtyo/Build/Intermediates.noindex/FlightCompensation.build/Debug-iphonesimulator/FlightCompensation.build/Objects-normal/arm64/FlightCompensation.SwiftFileList -DDEBUG -DDEBUG -enable-bare-slash-regex -enable-experimental-feature DebugDescriptionMacro -sdk /Applications/Xcode.app/Contents/Developer/Platforms/iPhoneSimulator.platform/Developer/SDKs/iPhoneSimulator26.0.sdk -target arm64-apple-ios17.0-simulator -g -module-cache-path /Users/fabiano/Library/Developer/Xcode/DerivedData/ModuleCache.noindex -Xfrontend -serialize-debugging-options -enable-testing -index-store-path /Users/fabiano/Library/Developer/Xcode/DerivedData/FlightCompensation-gbpozbdluwmykodzccrbccezvtyo/Index.noindex/DataStore -Xcc -D_LIBCPP_HARDENING_MODE\=_LIBCPP_HARDENING_MODE_DEBUG -swift-version 5 -I /Users/fabiano/Library/Developer/Xcode/DerivedData/FlightCompensation-gbpozbdluwmykodzccrbccezvtyo/Build/Products/Debug-iphonesimulator -F /Users/fabiano/Library/Developer/Xcode/DerivedData/FlightCompensation-gbpozbdluwmykodzccrbccezvtyo/Build/Products/Debug-iphonesimulator -c -j10 -enable-batch-mode -incremental -Xcc -ivfsstatcache -Xcc /Users/fabiano/Library/Developer/Xcode/DerivedData/SDKStatCaches.noindex/iphonesimulator26.0-23A339-26257891a6c027eb51374368541b8346.sdkstatcache -output-file-map /Users/fabiano/Library/Developer/Xcode/DerivedData/FlightCompensation-gbpozbdluwmykodzccrbccezvtyo/Build/Intermediates.noindex/FlightCompensation.build/Debug-iphonesimulator/FlightCompensation.build/Objects-normal/arm64/FlightCompensation-OutputFileMap.json -use-frontend-parseable-output -save-temps -no-color-diagnostics -explicit-module-build -module-cache-path /Users/fabiano/Library/Developer/Xcode/DerivedData/FlightCompensation-gbpozbdluwmykodzccrbccezvtyo/Build/Intermediates.noindex/SwiftExplicitPrecompiledModules -clang-scanner-module-cache-path /Users/fabiano/Library/Developer/Xcode/DerivedData/ModuleCache.noindex -sdk-module-cache-path /Users/fabiano/Library/Developer/Xcode/DerivedData/ModuleCache.noindex -serialize-diagnostics -emit-dependencies -emit-module -emit-module-path /Users/fabiano/Library/Developer/Xcode/DerivedData/FlightCompensation-gbpozbdluwmykodzccrbccezvtyo/Build/Intermediates.noindex/FlightCompensation.build/Debug-iphonesimulator/FlightCompensation.build/Objects-normal/arm64/FlightCompensation.swiftmodule -validate-clang-modules-once -clang-build-session-file /Users/fabiano/Library/Developer/Xcode/DerivedData/ModuleCache.noindex/Session.modulevalidation -Xcc -I/Users/fabiano/Library/Developer/Xcode/DerivedData/FlightCompensation-gbpozbdluwmykodzccrbccezvtyo/Build/Intermediates.noindex/FlightCompensation.build/Debug-iphonesimulator/FlightCompensation.build/swift-overrides.hmap -emit-const-values -Xfrontend -const-gather-protocols-file -Xfrontend /Users/fabiano/Library/Developer/Xcode/DerivedData/FlightCompensation-gbpozbdluwmykodzccrbccezvtyo/Build/Intermediates.noindex/FlightCompensation.build/Debug-iphonesimulator/FlightCompensation.build/Objects-normal/arm64/FlightCompensation_const_extract_protocols.json -Xcc -iquote -Xcc /Users/fabiano/Library/Developer/Xcode/DerivedData/FlightCompensation-gbpozbdluwmykodzccrbccezvtyo/Build/Intermediates.noindex/FlightCompensation.build/Debug-iphonesimulator/FlightCompensation.build/FlightCompensation-generated-files.hmap -Xcc -I/Users/fabiano/Library/Developer/Xcode/DerivedData/FlightCompensation-gbpozbdluwmykodzccrbccezvtyo/Build/Intermediates.noindex/FlightCompensation.build/Debug-iphonesimulator/FlightCompensation.build/FlightCompensation-own-target-headers.hmap -Xcc -I/Users/fabiano/Library/Developer/Xcode/DerivedData/FlightCompensation-gbpozbdluwmykodzccrbccezvtyo/Build/Intermediates.noindex/FlightCompensation.build/Debug-iphonesimulator/FlightCompensation.build/FlightCompensation-all-target-headers.hmap -Xcc -iquote -Xcc /Users/fabiano/Library/Developer/Xcode/DerivedData/FlightCompensation-gbpozbdluwmykodzccrbccezvtyo/Build/Intermediates.noindex/FlightCompensation.build/Debug-iphonesimulator/FlightCompensation.build/FlightCompensation-project-headers.hmap -Xcc -I/Users/fabiano/Library/Developer/Xcode/DerivedData/FlightCompensation-gbpozbdluwmykodzccrbccezvtyo/Build/Products/Debug-iphonesimulator/include -Xcc -I/Users/fabiano/Library/Developer/Xcode/DerivedData/FlightCompensation-gbpozbdluwmykodzccrbccezvtyo/Build/Intermediates.noindex/FlightCompensation.build/Debug-iphonesimulator/FlightCompensation.build/DerivedSources-normal/arm64 -Xcc -I/Users/fabiano/Library/Developer/Xcode/DerivedData/FlightCompensation-gbpozbdluwmykodzccrbccezvtyo/Build/Intermediates.noindex/FlightCompensation.build/Debug-iphonesimulator/FlightCompensation.build/DerivedSources/arm64 -Xcc -I/Users/fabiano/Library/Developer/Xcode/DerivedData/FlightCompensation-gbpozbdluwmykodzccrbccezvtyo/Build/Intermediates.noindex/FlightCompensation.build/Debug-iphonesimulator/FlightCompensation.build/DerivedSources -Xcc -DDEBUG\=1 -emit-objc-header -emit-objc-header-path /Users/fabiano/Library/Developer/Xcode/DerivedData/FlightCompensation-gbpozbdluwmykodzccrbccezvtyo/Build/Intermediates.noindex/FlightCompensation.build/Debug-iphonesimulator/FlightCompensation.build/Objects-normal/arm64/FlightCompensation-Swift.h -working-directory /Users/fabiano/Documents/FLIGHTY\ COMPENSATION -experimental-emit-module-separately -disable-cmo

SwiftEmitModule normal x86_64 Emitting\ module\ for\ FlightCompensation (in target 'FlightCompensation' from project 'FlightCompensation')

EmitSwiftModule normal x86_64 (in target 'FlightCompensation' from project 'FlightCompensation')
    cd /Users/fabiano/Documents/FLIGHTY\ COMPENSATION
    

SwiftCompile normal x86_64 Compiling\ ProfileSetupView.swift /Users/fabiano/Documents/FLIGHTY\ COMPENSATION/FlightCompensation/Views/Onboarding/ProfileSetupView.swift (in target 'FlightCompensation' from project 'FlightCompensation')
SwiftCompile normal x86_64 /Users/fabiano/Documents/FLIGHTY\ COMPENSATION/FlightCompensation/Views/Onboarding/ProfileSetupView.swift (in target 'FlightCompensation' from project 'FlightCompensation')
    cd /Users/fabiano/Documents/FLIGHTY\ COMPENSATION
    

SwiftEmitModule normal arm64 Emitting\ module\ for\ FlightCompensation (in target 'FlightCompensation' from project 'FlightCompensation')

EmitSwiftModule normal arm64 (in target 'FlightCompensation' from project 'FlightCompensation')
    cd /Users/fabiano/Documents/FLIGHTY\ COMPENSATION
    

SwiftCompile normal arm64 Compiling\ ProfileSetupView.swift /Users/fabiano/Documents/FLIGHTY\ COMPENSATION/FlightCompensation/Views/Onboarding/ProfileSetupView.swift (in target 'FlightCompensation' from project 'FlightCompensation')
Failed frontend command:
/Applications/Xcode.app/Contents/Developer/Toolchains/XcodeDefault.xctoolchain/usr/bin/swift-frontend -frontend -c /Users/fabiano/Documents/FLIGHTY\ COMPENSATION/FlightCompensation/Views/AddFlight/AddFlightView.swift /Users/fabiano/Documents/FLIGHTY\ COMPENSATION/FlightCompensation/ViewModels/AddFlightViewModel.swift /Users/fabiano/Documents/FLIGHTY\ COMPENSATION/FlightCompensation/Models/Airline.swift /Users/fabiano/Documents/FLIGHTY\ COMPENSATION/FlightCompensation/Models/Airport.swift /Users/fabiano/Documents/FLIGHTY\ COMPENSATION/FlightCompensation/App/AppDependencies.swift /Users/fabiano/Documents/FLIGHTY\ COMPENSATION/FlightCompensation/Utilities/BackgroundTrackingManager.swift /Users/fabiano/Documents/FLIGHTY\ COMPENSATION/FlightCompensation/Services/BiometricService.swift /Users/fabiano/Documents/FLIGHTY\ COMPENSATION/FlightCompensation/Views/Compensation/ClaimFlowView.swift /Users/fabiano/Documents/FLIGHTY\ COMPENSATION/FlightCompensation/Models/ClaimModels.swift /Users/fabiano/Documents/FLIGHTY\ COMPENSATION/FlightCompensation/ViewModels/ClaimViewModel.swift /Users/fabiano/Documents/FLIGHTY\ COMPENSATION/FlightCompensation/Models/CompensationEligibility.swift /Users/fabiano/Documents/FLIGHTY\ COMPENSATION/FlightCompensation/Views/Compensation/CompensationView.swift /Users/fabiano/Documents/FLIGHTY\ COMPENSATION/FlightCompensation/ViewModels/CompensationViewModel.swift /Users/fabiano/Documents/FLIGHTY\ COMPENSATION/FlightCompensation/Utilities/Config.swift /Users/fabiano/Documents/FLIGHTY\ COMPENSATION/FlightCompensation/Utilities/Constants.swift /Users/fabiano/Documents/FLIGHTY\ COMPENSATION/FlightCompensation/Views/Components/CustomDesignComponents.swift /Users/fabiano/Documents/FLIGHTY\ COMPENSATION/FlightCompensation/Utilities/Extensions/Date+Extensions.swift /Users/fabiano/Documents/FLIGHTY\ COMPENSATION/FlightCompensation/Models/DelayEvent.swift /Users/fabiano/Documents/FLIGHTY\ COMPENSATION/FlightCompensation/Views/Compensation/DocumentUploadView.swift /Users/fabiano/Documents/FLIGHTY\ COMPENSATION/FlightCompensation/Services/EU261EligibilityService.swift /Users/fabiano/Documents/FLIGHTY\ COMPENSATION/FlightCompensation/Services/EligibilityService.swift /Users/fabiano/Documents/FLIGHTY\ COMPENSATION/FlightCompensation/Models/Flight.swift /Users/fabiano/Documents/FLIGHTY\ COMPENSATION/FlightCompensation/Views/Flights/FlightCardView.swift /Users/fabiano/Documents/FLIGHTY\ COMPENSATION/FlightCompensation/App/FlightCompensationApp.swift /Users/fabiano/Documents/FLIGHTY\ COMPENSATION/FlightCompensation/Views/Onboarding/FlightDelayAnimationView.swift /Users/fabiano/Documents/FLIGHTY\ COMPENSATION/FlightCompensation/Views/Flights/FlightDetailView.swift /Users/fabiano/Documents/FLIGHTY\ COMPENSATION/FlightCompensation/ViewModels/FlightDetailViewModel.swift /Users/fabiano/Documents/FLIGHTY\ COMPENSATION/FlightCompensation/Views/Flights/FlightMapView.swift /Users/fabiano/Documents/FLIGHTY\ COMPENSATION/FlightCompensation/Services/FlightRadar24Service.swift /Users/fabiano/Documents/FLIGHTY\ COMPENSATION/FlightCompensation/Models/FlightStatus.swift /Users/fabiano/Documents/FLIGHTY\ COMPENSATION/FlightCompensation/Views/Flights/FlightTimelineView.swift /Users/fabiano/Documents/FLIGHTY\ COMPENSATION/FlightCompensation/Services/FlightTrackingService.swift /Users/fabiano/Documents/FLIGHTY\ COMPENSATION/FlightCompensation/Views/Flights/FlightsListView.swift /Users/fabiano/Documents/FLIGHTY\ COMPENSATION/FlightCompensation/ViewModels/FlightsListViewModel.swift /Users/fabiano/Documents/FLIGHTY\ COMPENSATION/FlightCompensation/Utilities/HeadingSmoother.swift /Users/fabiano/Documents/FLIGHTY\ COMPENSATION/FlightCompensation/Views/AddFlight/ManualEntryView.swift /Users/fabiano/Documents/FLIGHTY\ COMPENSATION/FlightCompensation/Services/MockFlightTrackingService.swift /Users/fabiano/Documents/FLIGHTY\ COMPENSATION/FlightCompensation/Services/MockWalletImportService.swift /Users/fabiano/Documents/FLIGHTY\ COMPENSATION/FlightCompensation/Utilities/NotificationDelegate.swift /Users/fabiano/Documents/FLIGHTY\ COMPENSATION/FlightCompensation/Utilities/NotificationManager.swift /Users/fabiano/Documents/FLIGHTY\ COMPENSATION/FlightCompensation/Views/Onboarding/OnboardingView.swift /Users/fabiano/Documents/FLIGHTY\ COMPENSATION/FlightCompensation/Views/Compensation/PassengerFormView.swift -primary-file /Users/fabiano/Documents/FLIGHTY\ COMPENSATION/FlightCompensation/Views/Onboarding/ProfileSetupView.swift /Users/fabiano/Documents/FLIGHTY\ COMPENSATION/FlightCompensation/Views/Compensation/RepresentationSignatureView.swift /Users/fabiano/Documents/FLIGHTY\ COMPENSATION/FlightCompensation/Utilities/SampleData.swift /Users/fabiano/Documents/FLIGHTY\ COMPENSATION/FlightCompensation/Views/Components/SignatureCanvas.swift /Users/fabiano/Documents/FLIGHTY\ COMPENSATION/FlightCompensation/Views/AddFlight/TicketScanView.swift /Users/fabiano/Documents/FLIGHTY\ COMPENSATION/FlightCompensation/Models/UserProfile.swift /Users/fabiano/Documents/FLIGHTY\ COMPENSATION/FlightCompensation/Services/UserProfileService.swift /Users/fabiano/Documents/FLIGHTY\ COMPENSATION/FlightCompensation/Services/WalletImportService.swift /Users/fabiano/Documents/FLIGHTY\ COMPENSATION/FlightCompensation/Views/AddFlight/WalletImportView.swift /Users/fabiano/Documents/FLIGHTY\ COMPENSATION/FlightCompensation/Views/Onboarding/WelcomeCarouselView.swift -emit-dependencies-path /Users/fabiano/Library/Developer/Xcode/DerivedData/FlightCompensation-gbpozbdluwmykodzccrbccezvtyo/Build/Intermediates.noindex/FlightCompensation.build/Debug-iphonesimulator/FlightCompensation.build/Objects-normal/arm64/ProfileSetupView.d -emit-const-values-path /Users/fabiano/Library/Developer/Xcode/DerivedData/FlightCompensation-gbpozbdluwmykodzccrbccezvtyo/Build/Intermediates.noindex/FlightCompensation.build/Debug-iphonesimulator/FlightCompensation.build/Objects-normal/arm64/ProfileSetupView.swiftconstvalues -emit-reference-dependencies-path /Users/fabiano/Library/Developer/Xcode/DerivedData/FlightCompensation-gbpozbdluwmykodzccrbccezvtyo/Build/Intermediates.noindex/FlightCompensation.build/Debug-iphonesimulator/FlightCompensation.build/Objects-normal/arm64/ProfileSetupView.swiftdeps -serialize-diagnostics-path /Users/fabiano/Library/Developer/Xcode/DerivedData/FlightCompensation-gbpozbdluwmykodzccrbccezvtyo/Build/Intermediates.noindex/FlightCompensation.build/Debug-iphonesimulator/FlightCompensation.build/Objects-normal/arm64/ProfileSetupView.dia -target arm64-apple-ios17.0-simulator -disable-cross-import-overlay-search -swift-module-cross-import MapKit /Applications/Xcode.app/Contents/Developer/Platforms/iPhoneSimulator.platform/Developer/SDKs/iPhoneSimulator.sdk/System/Library/Frameworks/MapKit.framework/Modules/MapKit.swiftcrossimport/SwiftUI.swiftoverlay -swift-module-cross-import PhotosUI /Applications/Xcode.app/Contents/Developer/Platforms/iPhoneSimulator.platform/Developer/SDKs/iPhoneSimulator.sdk/System/Library/Frameworks/PhotosUI.framework/Modules/PhotosUI.swiftcrossimport/SwiftUI.swiftoverlay -swift-module-cross-import PhotosUI /Applications/Xcode.app/Contents/Developer/Platforms/iPhoneSimulator.platform/Developer/SDKs/iPhoneSimulator.sdk/System/Library/Frameworks/PhotosUI.framework/Modules/PhotosUI.swiftcrossimport/WidgetKit.swiftoverlay -swift-module-cross-import PhotosUI /Applications/Xcode.app/Contents/Developer/Platforms/iPhoneSimulator.platform/Developer/SDKs/iPhoneSimulator26.0.sdk/System/Library/Frameworks/PhotosUI.framework/Modules/PhotosUI.swiftcrossimport/SwiftUI.swiftoverlay -swift-module-cross-import PhotosUI /Applications/Xcode.app/Contents/Developer/Platforms/iPhoneSimulator.platform/Developer/SDKs/iPhoneSimulator26.0.sdk/System/Library/Frameworks/PhotosUI.framework/Modules/PhotosUI.swiftcrossimport/WidgetKit.swiftoverlay -load-resolved-plugin /Applications/Xcode.app/Contents/Developer/Platforms/iPhoneOS.platform/Developer/usr/lib/swift/host/plugins/libFoundationMacros.dylib\#/Applications/Xcode.app/Contents/Developer/Platforms/iPhoneOS.platform/Developer/usr/bin/swift-plugin-server\#FoundationMacros -load-resolved-plugin /Applications/Xcode.app/Contents/Developer/Platforms/iPhoneOS.platform/Developer/usr/lib/swift/host/plugins/libObservationMacros.dylib\#/Applications/Xcode.app/Contents/Developer/Platforms/iPhoneOS.platform/Developer/usr/bin/swift-plugin-server\#ObservationMacros -load-resolved-plugin /Applications/Xcode.app/Contents/Developer/Platforms/iPhoneOS.platform/Developer/usr/lib/swift/host/plugins/libPreviewsMacros.dylib\#/Applications/Xcode.app/Contents/Developer/Platforms/iPhoneOS.platform/Developer/usr/bin/swift-plugin-server\#PreviewsMacros -load-resolved-plugin /Applications/Xcode.app/Contents/Developer/Platforms/iPhoneOS.platform/Developer/usr/lib/swift/host/plugins/libSwiftMacros.dylib\#/Applications/Xcode.app/Contents/Developer/Platforms/iPhoneOS.platform/Developer/usr/bin/swift-plugin-server\#SwiftMacros -load-resolved-plugin /Applications/Xcode.app/Contents/Developer/Platforms/iPhoneOS.platform/Developer/usr/lib/swift/host/plugins/libSwiftUIMacros.dylib\#/Applications/Xcode.app/Contents/Developer/Platforms/iPhoneOS.platform/Developer/usr/bin/swift-plugin-server\#SwiftUIMacros -disable-implicit-swift-modules -Xcc -fno-implicit-modules -Xcc -fno-implicit-module-maps -explicit-swift-module-map-file /Users/fabiano/Library/Developer/Xcode/DerivedData/FlightCompensation-gbpozbdluwmykodzccrbccezvtyo/Build/Intermediates.noindex/FlightCompensation.build/Debug-iphonesimulator/FlightCompensation.build/Objects-normal/arm64/FlightCompensation-dependencies-1.json -Xllvm -aarch64-use-tbi -enable-objc-interop -sdk /Applications/Xcode.app/Contents/Developer/Platforms/iPhoneSimulator.platform/Developer/SDKs/iPhoneSimulator26.0.sdk -I /Users/fabiano/Library/Developer/Xcode/DerivedData/FlightCompensation-gbpozbdluwmykodzccrbccezvtyo/Build/Products/Debug-iphonesimulator -F /Users/fabiano/Library/Developer/Xcode/DerivedData/FlightCompensation-gbpozbdluwmykodzccrbccezvtyo/Build/Products/Debug-iphonesimulator -no-color-diagnostics -Xcc -fno-color-diagnostics -enable-testing -g -debug-info-format\=dwarf -dwarf-version\=4 -module-cache-path /Users/fabiano/Library/Developer/Xcode/DerivedData/FlightCompensation-gbpozbdluwmykodzccrbccezvtyo/Build/Intermediates.noindex/SwiftExplicitPrecompiledModules -swift-version 5 -enforce-exclusivity\=checked -Onone -D DEBUG -D DEBUG -serialize-debugging-options -const-gather-protocols-file /Users/fabiano/Library/Developer/Xcode/DerivedData/FlightCompensation-gbpozbdluwmykodzccrbccezvtyo/Build/Intermediates.noindex/FlightCompensation.build/Debug-iphonesimulator/FlightCompensation.build/Objects-normal/arm64/FlightCompensation_const_extract_protocols.json -enable-experimental-feature DebugDescriptionMacro -enable-bare-slash-regex -empty-abi-descriptor -validate-clang-modules-once -clang-build-session-file /Users/fabiano/Library/Developer/Xcode/DerivedData/ModuleCache.noindex/Session.modulevalidation -Xcc -working-directory -Xcc /Users/fabiano/Documents/FLIGHTY\ COMPENSATION -enable-anonymous-context-mangled-names -file-compilation-dir /Users/fabiano/Documents/FLIGHTY\ COMPENSATION -Xcc -D_LIBCPP_HARDENING_MODE\=_LIBCPP_HARDENING_MODE_DEBUG -Xcc -ivfsstatcache -Xcc /Users/fabiano/Library/Developer/Xcode/DerivedData/SDKStatCaches.noindex/iphonesimulator26.0-23A339-26257891a6c027eb51374368541b8346.sdkstatcache -Xcc -I/Users/fabiano/Library/Developer/Xcode/DerivedData/FlightCompensation-gbpozbdluwmykodzccrbccezvtyo/Build/Intermediates.noindex/FlightCompensation.build/Debug-iphonesimulator/FlightCompensation.build/swift-overrides.hmap -Xcc -iquote -Xcc /Users/fabiano/Library/Developer/Xcode/DerivedData/FlightCompensation-gbpozbdluwmykodzccrbccezvtyo/Build/Intermediates.noindex/FlightCompensation.build/Debug-iphonesimulator/FlightCompensation.build/FlightCompensation-generated-files.hmap -Xcc -I/Users/fabiano/Library/Developer/Xcode/DerivedData/FlightCompensation-gbpozbdluwmykodzccrbccezvtyo/Build/Intermediates.noindex/FlightCompensation.build/Debug-iphonesimulator/FlightCompensation.build/FlightCompensation-own-target-headers.hmap -Xcc -I/Users/fabiano/Library/Developer/Xcode/DerivedData/FlightCompensation-gbpozbdluwmykodzccrbccezvtyo/Build/Intermediates.noindex/FlightCompensation.build/Debug-iphonesimulator/FlightCompensation.build/FlightCompensation-all-target-headers.hmap -Xcc -iquote -Xcc /Users/fabiano/Library/Developer/Xcode/DerivedData/FlightCompensation-gbpozbdluwmykodzccrbccezvtyo/Build/Intermediates.noindex/FlightCompensation.build/Debug-iphonesimulator/FlightCompensation.build/FlightCompensation-project-headers.hmap -Xcc -I/Users/fabiano/Library/Developer/Xcode/DerivedData/FlightCompensation-gbpozbdluwmykodzccrbccezvtyo/Build/Products/Debug-iphonesimulator/include -Xcc -I/Users/fabiano/Library/Developer/Xcode/DerivedData/FlightCompensation-gbpozbdluwmykodzccrbccezvtyo/Build/Intermediates.noindex/FlightCompensation.build/Debug-iphonesimulator/FlightCompensation.build/DerivedSources-normal/arm64 -Xcc -I/Users/fabiano/Library/Developer/Xcode/DerivedData/FlightCompensation-gbpozbdluwmykodzccrbccezvtyo/Build/Intermediates.noindex/FlightCompensation.build/Debug-iphonesimulator/FlightCompensation.build/DerivedSources/arm64 -Xcc -I/Users/fabiano/Library/Developer/Xcode/DerivedData/FlightCompensation-gbpozbdluwmykodzccrbccezvtyo/Build/Intermediates.noindex/FlightCompensation.build/Debug-iphonesimulator/FlightCompensation.build/DerivedSources -Xcc -DDEBUG\=1 -no-auto-bridging-header-chaining -module-name FlightCompensation -frontend-parseable-output -disable-clang-spi -target-sdk-version 26.0 -target-sdk-name iphonesimulator26.0 -clang-target arm64-apple-ios26.0-simulator -in-process-plugin-server-path /Applications/Xcode.app/Contents/Developer/Toolchains/XcodeDefault.xctoolchain/usr/lib/swift/host/libSwiftInProcPluginServer.dylib -o /Users/fabiano/Library/Developer/Xcode/DerivedData/FlightCompensation-gbpozbdluwmykodzccrbccezvtyo/Build/Intermediates.noindex/FlightCompensation.build/Debug-iphonesimulator/FlightCompensation.build/Objects-normal/arm64/ProfileSetupView.o -index-unit-output-path /FlightCompensation.build/Debug-iphonesimulator/FlightCompensation.build/Objects-normal/arm64/ProfileSetupView.o -index-store-path /Users/fabiano/Library/Developer/Xcode/DerivedData/FlightCompensation-gbpozbdluwmykodzccrbccezvtyo/Index.noindex/DataStore -index-system-modules

SwiftCompile normal arm64 /Users/fabiano/Documents/FLIGHTY\ COMPENSATION/FlightCompensation/Views/Onboarding/ProfileSetupView.swift (in target 'FlightCompensation' from project 'FlightCompensation')
    cd /Users/fabiano/Documents/FLIGHTY\ COMPENSATION
    
/Users/fabiano/Documents/FLIGHTY COMPENSATION/FlightCompensation/Views/Onboarding/ProfileSetupView.swift:134:42: error: type 'PremiumTheme' has no member 'backgroundEnd'
                .background(PremiumTheme.backgroundEnd.opacity(0.8).blur(radius: 5))
                            ~~~~~~~~~~~~ ^~~~~~~~~~~~~

SwiftDriverJobDiscovery normal arm64 Emitting module for FlightCompensation (in target 'FlightCompensation' from project 'FlightCompensation')

SwiftDriver\ Compilation\ Requirements FlightCompensation normal arm64 com.apple.xcode.tools.swift.compiler (in target 'FlightCompensation' from project 'FlightCompensation')
    cd /Users/fabiano/Documents/FLIGHTY\ COMPENSATION
    builtin-Swift-Compilation-Requirements -- /Applications/Xcode.app/Contents/Developer/Toolchains/XcodeDefault.xctoolchain/usr/bin/swiftc -module-name FlightCompensation -Onone -enforce-exclusivity\=checked @/Users/fabiano/Library/Developer/Xcode/DerivedData/FlightCompensation-gbpozbdluwmykodzccrbccezvtyo/Build/Intermediates.noindex/FlightCompensation.build/Debug-iphonesimulator/FlightCompensation.build/Objects-normal/arm64/FlightCompensation.SwiftFileList -DDEBUG -DDEBUG -enable-bare-slash-regex -enable-experimental-feature DebugDescriptionMacro -sdk /Applications/Xcode.app/Contents/Developer/Platforms/iPhoneSimulator.platform/Developer/SDKs/iPhoneSimulator26.0.sdk -target arm64-apple-ios17.0-simulator -g -module-cache-path /Users/fabiano/Library/Developer/Xcode/DerivedData/ModuleCache.noindex -Xfrontend -serialize-debugging-options -enable-testing -index-store-path /Users/fabiano/Library/Developer/Xcode/DerivedData/FlightCompensation-gbpozbdluwmykodzccrbccezvtyo/Index.noindex/DataStore -Xcc -D_LIBCPP_HARDENING_MODE\=_LIBCPP_HARDENING_MODE_DEBUG -swift-version 5 -I /Users/fabiano/Library/Developer/Xcode/DerivedData/FlightCompensation-gbpozbdluwmykodzccrbccezvtyo/Build/Products/Debug-iphonesimulator -F /Users/fabiano/Library/Developer/Xcode/DerivedData/FlightCompensation-gbpozbdluwmykodzccrbccezvtyo/Build/Products/Debug-iphonesimulator -c -j10 -enable-batch-mode -incremental -Xcc -ivfsstatcache -Xcc /Users/fabiano/Library/Developer/Xcode/DerivedData/SDKStatCaches.noindex/iphonesimulator26.0-23A339-26257891a6c027eb51374368541b8346.sdkstatcache -output-file-map /Users/fabiano/Library/Developer/Xcode/DerivedData/FlightCompensation-gbpozbdluwmykodzccrbccezvtyo/Build/Intermediates.noindex/FlightCompensation.build/Debug-iphonesimulator/FlightCompensation.build/Objects-normal/arm64/FlightCompensation-OutputFileMap.json -use-frontend-parseable-output -save-temps -no-color-diagnostics -explicit-module-build -module-cache-path /Users/fabiano/Library/Developer/Xcode/DerivedData/FlightCompensation-gbpozbdluwmykodzccrbccezvtyo/Build/Intermediates.noindex/SwiftExplicitPrecompiledModules -clang-scanner-module-cache-path /Users/fabiano/Library/Developer/Xcode/DerivedData/ModuleCache.noindex -sdk-module-cache-path /Users/fabiano/Library/Developer/Xcode/DerivedData/ModuleCache.noindex -serialize-diagnostics -emit-dependencies -emit-module -emit-module-path /Users/fabiano/Library/Developer/Xcode/DerivedData/FlightCompensation-gbpozbdluwmykodzccrbccezvtyo/Build/Intermediates.noindex/FlightCompensation.build/Debug-iphonesimulator/FlightCompensation.build/Objects-normal/arm64/FlightCompensation.swiftmodule -validate-clang-modules-once -clang-build-session-file /Users/fabiano/Library/Developer/Xcode/DerivedData/ModuleCache.noindex/Session.modulevalidation -Xcc -I/Users/fabiano/Library/Developer/Xcode/DerivedData/FlightCompensation-gbpozbdluwmykodzccrbccezvtyo/Build/Intermediates.noindex/FlightCompensation.build/Debug-iphonesimulator/FlightCompensation.build/swift-overrides.hmap -emit-const-values -Xfrontend -const-gather-protocols-file -Xfrontend /Users/fabiano/Library/Developer/Xcode/DerivedData/FlightCompensation-gbpozbdluwmykodzccrbccezvtyo/Build/Intermediates.noindex/FlightCompensation.build/Debug-iphonesimulator/FlightCompensation.build/Objects-normal/arm64/FlightCompensation_const_extract_protocols.json -Xcc -iquote -Xcc /Users/fabiano/Library/Developer/Xcode/DerivedData/FlightCompensation-gbpozbdluwmykodzccrbccezvtyo/Build/Intermediates.noindex/FlightCompensation.build/Debug-iphonesimulator/FlightCompensation.build/FlightCompensation-generated-files.hmap -Xcc -I/Users/fabiano/Library/Developer/Xcode/DerivedData/FlightCompensation-gbpozbdluwmykodzccrbccezvtyo/Build/Intermediates.noindex/FlightCompensation.build/Debug-iphonesimulator/FlightCompensation.build/FlightCompensation-own-target-headers.hmap -Xcc -I/Users/fabiano/Library/Developer/Xcode/DerivedData/FlightCompensation-gbpozbdluwmykodzccrbccezvtyo/Build/Intermediates.noindex/FlightCompensation.build/Debug-iphonesimulator/FlightCompensation.build/FlightCompensation-all-target-headers.hmap -Xcc -iquote -Xcc /Users/fabiano/Library/Developer/Xcode/DerivedData/FlightCompensation-gbpozbdluwmykodzccrbccezvtyo/Build/Intermediates.noindex/FlightCompensation.build/Debug-iphonesimulator/FlightCompensation.build/FlightCompensation-project-headers.hmap -Xcc -I/Users/fabiano/Library/Developer/Xcode/DerivedData/FlightCompensation-gbpozbdluwmykodzccrbccezvtyo/Build/Products/Debug-iphonesimulator/include -Xcc -I/Users/fabiano/Library/Developer/Xcode/DerivedData/FlightCompensation-gbpozbdluwmykodzccrbccezvtyo/Build/Intermediates.noindex/FlightCompensation.build/Debug-iphonesimulator/FlightCompensation.build/DerivedSources-normal/arm64 -Xcc -I/Users/fabiano/Library/Developer/Xcode/DerivedData/FlightCompensation-gbpozbdluwmykodzccrbccezvtyo/Build/Intermediates.noindex/FlightCompensation.build/Debug-iphonesimulator/FlightCompensation.build/DerivedSources/arm64 -Xcc -I/Users/fabiano/Library/Developer/Xcode/DerivedData/FlightCompensation-gbpozbdluwmykodzccrbccezvtyo/Build/Intermediates.noindex/FlightCompensation.build/Debug-iphonesimulator/FlightCompensation.build/DerivedSources -Xcc -DDEBUG\=1 -emit-objc-header -emit-objc-header-path /Users/fabiano/Library/Developer/Xcode/DerivedData/FlightCompensation-gbpozbdluwmykodzccrbccezvtyo/Build/Intermediates.noindex/FlightCompensation.build/Debug-iphonesimulator/FlightCompensation.build/Objects-normal/arm64/FlightCompensation-Swift.h -working-directory /Users/fabiano/Documents/FLIGHTY\ COMPENSATION -experimental-emit-module-separately -disable-cmo

Copy /Users/fabiano/Library/Developer/Xcode/DerivedData/FlightCompensation-gbpozbdluwmykodzccrbccezvtyo/Build/Products/Debug-iphonesimulator/FlightCompensation.swiftmodule/arm64-apple-ios-simulator.abi.json /Users/fabiano/Library/Developer/Xcode/DerivedData/FlightCompensation-gbpozbdluwmykodzccrbccezvtyo/Build/Intermediates.noindex/FlightCompensation.build/Debug-iphonesimulator/FlightCompensation.build/Objects-normal/arm64/FlightCompensation.abi.json (in target 'FlightCompensation' from project 'FlightCompensation')
    cd /Users/fabiano/Documents/FLIGHTY\ COMPENSATION
    builtin-copy -exclude .DS_Store -exclude CVS -exclude .svn -exclude .git -exclude .hg -resolve-src-symlinks -rename /Users/fabiano/Library/Developer/Xcode/DerivedData/FlightCompensation-gbpozbdluwmykodzccrbccezvtyo/Build/Intermediates.noindex/FlightCompensation.build/Debug-iphonesimulator/FlightCompensation.build/Objects-normal/arm64/FlightCompensation.abi.json /Users/fabiano/Library/Developer/Xcode/DerivedData/FlightCompensation-gbpozbdluwmykodzccrbccezvtyo/Build/Products/Debug-iphonesimulator/FlightCompensation.swiftmodule/arm64-apple-ios-simulator.abi.json

SwiftDriverJobDiscovery normal x86_64 Emitting module for FlightCompensation (in target 'FlightCompensation' from project 'FlightCompensation')

SwiftDriver\ Compilation\ Requirements FlightCompensation normal x86_64 com.apple.xcode.tools.swift.compiler (in target 'FlightCompensation' from project 'FlightCompensation')
    cd /Users/fabiano/Documents/FLIGHTY\ COMPENSATION
    builtin-Swift-Compilation-Requirements -- /Applications/Xcode.app/Contents/Developer/Toolchains/XcodeDefault.xctoolchain/usr/bin/swiftc -module-name FlightCompensation -Onone -enforce-exclusivity\=checked @/Users/fabiano/Library/Developer/Xcode/DerivedData/FlightCompensation-gbpozbdluwmykodzccrbccezvtyo/Build/Intermediates.noindex/FlightCompensation.build/Debug-iphonesimulator/FlightCompensation.build/Objects-normal/x86_64/FlightCompensation.SwiftFileList -DDEBUG -DDEBUG -enable-bare-slash-regex -enable-experimental-feature DebugDescriptionMacro -sdk /Applications/Xcode.app/Contents/Developer/Platforms/iPhoneSimulator.platform/Developer/SDKs/iPhoneSimulator26.0.sdk -target x86_64-apple-ios17.0-simulator -g -module-cache-path /Users/fabiano/Library/Developer/Xcode/DerivedData/ModuleCache.noindex -Xfrontend -serialize-debugging-options -enable-testing -index-store-path /Users/fabiano/Library/Developer/Xcode/DerivedData/FlightCompensation-gbpozbdluwmykodzccrbccezvtyo/Index.noindex/DataStore -Xcc -D_LIBCPP_HARDENING_MODE\=_LIBCPP_HARDENING_MODE_DEBUG -swift-version 5 -I /Users/fabiano/Library/Developer/Xcode/DerivedData/FlightCompensation-gbpozbdluwmykodzccrbccezvtyo/Build/Products/Debug-iphonesimulator -F /Users/fabiano/Library/Developer/Xcode/DerivedData/FlightCompensation-gbpozbdluwmykodzccrbccezvtyo/Build/Products/Debug-iphonesimulator -c -j10 -enable-batch-mode -incremental -Xcc -ivfsstatcache -Xcc /Users/fabiano/Library/Developer/Xcode/DerivedData/SDKStatCaches.noindex/iphonesimulator26.0-23A339-26257891a6c027eb51374368541b8346.sdkstatcache -output-file-map /Users/fabiano/Library/Developer/Xcode/DerivedData/FlightCompensation-gbpozbdluwmykodzccrbccezvtyo/Build/Intermediates.noindex/FlightCompensation.build/Debug-iphonesimulator/FlightCompensation.build/Objects-normal/x86_64/FlightCompensation-OutputFileMap.json -use-frontend-parseable-output -save-temps -no-color-diagnostics -explicit-module-build -module-cache-path /Users/fabiano/Library/Developer/Xcode/DerivedData/FlightCompensation-gbpozbdluwmykodzccrbccezvtyo/Build/Intermediates.noindex/SwiftExplicitPrecompiledModules -clang-scanner-module-cache-path /Users/fabiano/Library/Developer/Xcode/DerivedData/ModuleCache.noindex -sdk-module-cache-path /Users/fabiano/Library/Developer/Xcode/DerivedData/ModuleCache.noindex -serialize-diagnostics -emit-dependencies -emit-module -emit-module-path /Users/fabiano/Library/Developer/Xcode/DerivedData/FlightCompensation-gbpozbdluwmykodzccrbccezvtyo/Build/Intermediates.noindex/FlightCompensation.build/Debug-iphonesimulator/FlightCompensation.build/Objects-normal/x86_64/FlightCompensation.swiftmodule -validate-clang-modules-once -clang-build-session-file /Users/fabiano/Library/Developer/Xcode/DerivedData/ModuleCache.noindex/Session.modulevalidation -Xcc -I/Users/fabiano/Library/Developer/Xcode/DerivedData/FlightCompensation-gbpozbdluwmykodzccrbccezvtyo/Build/Intermediates.noindex/FlightCompensation.build/Debug-iphonesimulator/FlightCompensation.build/swift-overrides.hmap -emit-const-values -Xfrontend -const-gather-protocols-file -Xfrontend /Users/fabiano/Library/Developer/Xcode/DerivedData/FlightCompensation-gbpozbdluwmykodzccrbccezvtyo/Build/Intermediates.noindex/FlightCompensation.build/Debug-iphonesimulator/FlightCompensation.build/Objects-normal/x86_64/FlightCompensation_const_extract_protocols.json -Xcc -iquote -Xcc /Users/fabiano/Library/Developer/Xcode/DerivedData/FlightCompensation-gbpozbdluwmykodzccrbccezvtyo/Build/Intermediates.noindex/FlightCompensation.build/Debug-iphonesimulator/FlightCompensation.build/FlightCompensation-generated-files.hmap -Xcc -I/Users/fabiano/Library/Developer/Xcode/DerivedData/FlightCompensation-gbpozbdluwmykodzccrbccezvtyo/Build/Intermediates.noindex/FlightCompensation.build/Debug-iphonesimulator/FlightCompensation.build/FlightCompensation-own-target-headers.hmap -Xcc -I/Users/fabiano/Library/Developer/Xcode/DerivedData/FlightCompensation-gbpozbdluwmykodzccrbccezvtyo/Build/Intermediates.noindex/FlightCompensation.build/Debug-iphonesimulator/FlightCompensation.build/FlightCompensation-all-target-headers.hmap -Xcc -iquote -Xcc /Users/fabiano/Library/Developer/Xcode/DerivedData/FlightCompensation-gbpozbdluwmykodzccrbccezvtyo/Build/Intermediates.noindex/FlightCompensation.build/Debug-iphonesimulator/FlightCompensation.build/FlightCompensation-project-headers.hmap -Xcc -I/Users/fabiano/Library/Developer/Xcode/DerivedData/FlightCompensation-gbpozbdluwmykodzccrbccezvtyo/Build/Products/Debug-iphonesimulator/include -Xcc -I/Users/fabiano/Library/Developer/Xcode/DerivedData/FlightCompensation-gbpozbdluwmykodzccrbccezvtyo/Build/Intermediates.noindex/FlightCompensation.build/Debug-iphonesimulator/FlightCompensation.build/DerivedSources-normal/x86_64 -Xcc -I/Users/fabiano/Library/Developer/Xcode/DerivedData/FlightCompensation-gbpozbdluwmykodzccrbccezvtyo/Build/Intermediates.noindex/FlightCompensation.build/Debug-iphonesimulator/FlightCompensation.build/DerivedSources/x86_64 -Xcc -I/Users/fabiano/Library/Developer/Xcode/DerivedData/FlightCompensation-gbpozbdluwmykodzccrbccezvtyo/Build/Intermediates.noindex/FlightCompensation.build/Debug-iphonesimulator/FlightCompensation.build/DerivedSources -Xcc -DDEBUG\=1 -emit-objc-header -emit-objc-header-path /Users/fabiano/Library/Developer/Xcode/DerivedData/FlightCompensation-gbpozbdluwmykodzccrbccezvtyo/Build/Intermediates.noindex/FlightCompensation.build/Debug-iphonesimulator/FlightCompensation.build/Objects-normal/x86_64/FlightCompensation-Swift.h -working-directory /Users/fabiano/Documents/FLIGHTY\ COMPENSATION -experimental-emit-module-separately -disable-cmo

Copy /Users/fabiano/Library/Developer/Xcode/DerivedData/FlightCompensation-gbpozbdluwmykodzccrbccezvtyo/Build/Products/Debug-iphonesimulator/FlightCompensation.swiftmodule/x86_64-apple-ios-simulator.abi.json /Users/fabiano/Library/Developer/Xcode/DerivedData/FlightCompensation-gbpozbdluwmykodzccrbccezvtyo/Build/Intermediates.noindex/FlightCompensation.build/Debug-iphonesimulator/FlightCompensation.build/Objects-normal/x86_64/FlightCompensation.abi.json (in target 'FlightCompensation' from project 'FlightCompensation')
    cd /Users/fabiano/Documents/FLIGHTY\ COMPENSATION
    builtin-copy -exclude .DS_Store -exclude CVS -exclude .svn -exclude .git -exclude .hg -resolve-src-symlinks -rename /Users/fabiano/Library/Developer/Xcode/DerivedData/FlightCompensation-gbpozbdluwmykodzccrbccezvtyo/Build/Intermediates.noindex/FlightCompensation.build/Debug-iphonesimulator/FlightCompensation.build/Objects-normal/x86_64/FlightCompensation.abi.json /Users/fabiano/Library/Developer/Xcode/DerivedData/FlightCompensation-gbpozbdluwmykodzccrbccezvtyo/Build/Products/Debug-iphonesimulator/FlightCompensation.swiftmodule/x86_64-apple-ios-simulator.abi.json

** BUILD FAILED **


The following build commands failed:
	SwiftCompile normal arm64 Compiling\ ProfileSetupView.swift /Users/fabiano/Documents/FLIGHTY\ COMPENSATION/FlightCompensation/Views/Onboarding/ProfileSetupView.swift (in target 'FlightCompensation' from project 'FlightCompensation')
	SwiftCompile normal arm64 /Users/fabiano/Documents/FLIGHTY\ COMPENSATION/FlightCompensation/Views/Onboarding/ProfileSetupView.swift (in target 'FlightCompensation' from project 'FlightCompensation')
	Building project FlightCompensation with scheme FlightCompensation
(3 failures)
